../Drivers/CMSIS/Include/core_cm7.h:2229:22:SCB_EnableICache	4	static,ignoring_inline_asm
../Drivers/CMSIS/Include/core_cm7.h:2281:22:SCB_EnableDCache	24	static,ignoring_inline_asm
../Core/Src/main.c:67:5:main	8	static
../Core/Src/main.c:120:6:SystemClock_Config	88	static
../Core/Src/main.c:178:13:MX_USART3_UART_Init	8	static
../Core/Src/main.c:213:13:MX_GPIO_Init	56	static
../Core/Src/main.c:285:6:HAL_TIM_PeriodElapsedCallback	16	static
../Core/Src/main.c:302:6:Error_Handler	4	static,ignoring_inline_asm
